=== batch start 2026-08-11T12:03:44-04:00 ===

=== E1 start 2026-08-11T12:03:44-04:00 tiles=19 ===
{"eco_id": 1, "year": 2015, "n_tiles": 19, "n_pixels": 100000, "balance": "equal_per_tile", "workers": 4}
=== batch start 2026-08-11T12:04:13-04:00 ===

=== E1 start 2026-08-11T12:04:13-04:00 tiles=19 ===
{"eco_id": 1, "year": 2015, "n_tiles": 19, "n_pixels": 100000, "balance": "equal_per_tile", "workers": 4}
{
  "eco_id": 1,
  "year": 2015,
  "n_pixels_target": 100000,
  "n_finite_total": 99993,
  "n_bands": 184,
  "balance": "equal_per_tile",
  "random_state": 42,
  "band_names": [
    "band_0",
    "band_1",
    "band_2",
    "band_3",
    "band_4",
    "band_5",
    "band_6",
    "band_7",
    "band_8",
    "band_9",
    "band_10",
    "band_11",
    "band_12",
    "band_13",
    "band_14",
    "band_15",
    "band_16",
    "band_17",
    "band_18",
    "band_19",
    "band_20",
    "band_21",
    "band_22",
    "band_23",
    "band_24",
    "band_25",
    "band_26",
    "band_27",
    "band_28",
    "band_29",
    "band_30",
    "band_31",
    "band_32",
    "band_33",
    "band_34",
    "band_35",
    "band_36",
    "band_37",
    "band_38",
    "band_39",
    "band_40",
    "band_41",
    "band_42",
    "band_43",
    "band_44",
    "band_45",
    "band_46",
    "band_47",
    "band_48",
    "band_49",
    "band_50",
    "band_51",
    "band_52",
    "band_53",
    "band_54",
    "band_55",
    "band_56",
    "band_57",
    "band_58",
    "band_59",
    "band_60",
    "band_61",
    "band_62",
    "band_63",
    "band_64",
    "band_65",
    "band_66",
    "band_67",
    "band_68",
    "band_69",
    "band_70",
    "band_71",
    "band_72",
    "band_73",
    "band_74",
    "band_75",
    "band_76",
    "band_77",
    "band_78",
    "band_79",
    "band_80",
    "band_81",
    "band_82",
    "band_83",
    "band_84",
    "band_85",
    "band_86",
    "band_87",
    "band_88",
    "band_89",
    "band_90",
    "band_91",
    "band_92",
    "band_93",
    "band_94",
    "band_95",
    "band_96",
    "band_97",
    "band_98",
    "band_99",
    "band_100",
    "band_101",
    "band_102",
    "band_103",
    "band_104",
    "band_105",
    "band_106",
    "band_107",
    "band_108",
    "band_109",
    "band_110",
    "band_111",
    "band_112",
    "band_113",
    "band_114",
    "band_115",
    "band_116",
    "band_117",
    "band_118",
    "band_119",
    "band_120",
    "band_121",
    "band_122",
    "band_123",
    "band_124",
    "band_125",
    "band_126",
    "band_127",
    "band_128",
    "band_129",
    "band_130",
    "band_131",
    "band_132",
    "band_133",
    "band_134",
    "band_135",
    "band_136",
    "band_137",
    "band_138",
    "band_139",
    "band_140",
    "band_141",
    "band_142",
    "band_143",
    "band_144",
    "band_145",
    "band_146",
    "band_147",
    "band_148",
    "band_149",
    "band_150",
    "band_151",
    "band_152",
    "band_153",
    "band_154",
    "band_155",
    "band_156",
    "band_157",
    "band_158",
    "band_159",
    "band_160",
    "band_161",
    "band_162",
    "band_163",
    "band_164",
    "band_165",
    "band_166",
    "band_167",
    "band_168",
    "band_169",
    "band_170",
    "band_171",
    "band_172",
    "band_173",
    "band_174",
    "band_175",
    "band_176",
    "band_177",
    "band_178",
    "band_179",
    "band_180",
    "band_181",
    "band_182",
    "band_183"
  ],
  "npz_path": "results/CIM2015/E1/2015/eco_merged/sample.npz",
  "tiles_csv": "results/CIM2015/E1/2015/eco_merged/sample_tiles.csv",
  "n_tiles_used": 19,
  "meta_path": "results/CIM2015/E1/2015/eco_merged/sample_meta.json"
}
{"corr_threshold": 0.95, "n_clusters": 59, "n_singletons": 39, "n_multi": 20, "out_dir": "/home/perazo/coverage/bands_reduction/results/CIM2015/E1/2015/eco_merged/0.95", "status": "PASS"}
{"corr_threshold": 0.9, "n_clusters": 44, "n_singletons": 23, "n_multi": 21, "out_dir": "/home/perazo/coverage/bands_reduction/results/CIM2015/E1/2015/eco_merged/0.90", "status": "PASS"}
{"corr_threshold": 0.85, "n_clusters": 34, "n_singletons": 12, "n_multi": 22, "out_dir": "/home/perazo/coverage/bands_reduction/results/CIM2015/E1/2015/eco_merged/0.85", "status": "PASS"}
wrote /home/perazo/coverage/bands_reduction/results/CIM2015/E1/2015/eco_merged/cluster_all_thresholds.json
{"corr_threshold": 0.95, "status": "PASS", "n_clusters": 59, "n_representatives": 59, "n_rescued": 0, "out_dir": "/home/perazo/coverage/bands_reduction/results/CIM2015/E1/2015/eco_merged/0.95/representatives"}
{"corr_threshold": 0.9, "status": "PASS", "n_clusters": 44, "n_representatives": 44, "n_rescued": 0, "out_dir": "/home/perazo/coverage/bands_reduction/results/CIM2015/E1/2015/eco_merged/0.90/representatives"}
{"corr_threshold": 0.85, "status": "PASS", "n_clusters": 34, "n_representatives": 34, "n_rescued": 0, "out_dir": "/home/perazo/coverage/bands_reduction/results/CIM2015/E1/2015/eco_merged/0.85/representatives"}
wrote /home/perazo/coverage/bands_reduction/results/CIM2015/E1/2015/eco_merged/representatives_all_thresholds.json
=== E1 DONE elapsed=387s 2026-08-11T12:10:11-04:00 ===

=== E2 start 2026-08-11T12:10:11-04:00 tiles=14 ===
{"eco_id": 2, "year": 2015, "n_tiles": 14, "n_pixels": 100000, "balance": "equal_per_tile", "workers": 4}
{
  "eco_id": 2,
  "year": 2015,
  "n_pixels_target": 100000,
  "n_finite_total": 99998,
  "n_bands": 184,
  "balance": "equal_per_tile",
  "random_state": 42,
  "band_names": [
    "band_0",
    "band_1",
    "band_2",
    "band_3",
    "band_4",
    "band_5",
    "band_6",
    "band_7",
    "band_8",
    "band_9",
    "band_10",
    "band_11",
    "band_12",
    "band_13",
    "band_14",
    "band_15",
    "band_16",
    "band_17",
    "band_18",
    "band_19",
    "band_20",
    "band_21",
    "band_22",
    "band_23",
    "band_24",
    "band_25",
    "band_26",
    "band_27",
    "band_28",
    "band_29",
    "band_30",
    "band_31",
    "band_32",
    "band_33",
    "band_34",
    "band_35",
    "band_36",
    "band_37",
    "band_38",
    "band_39",
    "band_40",
    "band_41",
    "band_42",
    "band_43",
    "band_44",
    "band_45",
    "band_46",
    "band_47",
    "band_48",
    "band_49",
    "band_50",
    "band_51",
    "band_52",
    "band_53",
    "band_54",
    "band_55",
    "band_56",
    "band_57",
    "band_58",
    "band_59",
    "band_60",
    "band_61",
    "band_62",
    "band_63",
    "band_64",
    "band_65",
    "band_66",
    "band_67",
    "band_68",
    "band_69",
    "band_70",
    "band_71",
    "band_72",
    "band_73",
    "band_74",
    "band_75",
    "band_76",
    "band_77",
    "band_78",
    "band_79",
    "band_80",
    "band_81",
    "band_82",
    "band_83",
    "band_84",
    "band_85",
    "band_86",
    "band_87",
    "band_88",
    "band_89",
    "band_90",
    "band_91",
    "band_92",
    "band_93",
    "band_94",
    "band_95",
    "band_96",
    "band_97",
    "band_98",
    "band_99",
    "band_100",
    "band_101",
    "band_102",
    "band_103",
    "band_104",
    "band_105",
    "band_106",
    "band_107",
    "band_108",
    "band_109",
    "band_110",
    "band_111",
    "band_112",
    "band_113",
    "band_114",
    "band_115",
    "band_116",
    "band_117",
    "band_118",
    "band_119",
    "band_120",
    "band_121",
    "band_122",
    "band_123",
    "band_124",
    "band_125",
    "band_126",
    "band_127",
    "band_128",
    "band_129",
    "band_130",
    "band_131",
    "band_132",
    "band_133",
    "band_134",
    "band_135",
    "band_136",
    "band_137",
    "band_138",
    "band_139",
    "band_140",
    "band_141",
    "band_142",
    "band_143",
    "band_144",
    "band_145",
    "band_146",
    "band_147",
    "band_148",
    "band_149",
    "band_150",
    "band_151",
    "band_152",
    "band_153",
    "band_154",
    "band_155",
    "band_156",
    "band_157",
    "band_158",
    "band_159",
    "band_160",
    "band_161",
    "band_162",
    "band_163",
    "band_164",
    "band_165",
    "band_166",
    "band_167",
    "band_168",
    "band_169",
    "band_170",
    "band_171",
    "band_172",
    "band_173",
    "band_174",
    "band_175",
    "band_176",
    "band_177",
    "band_178",
    "band_179",
    "band_180",
    "band_181",
    "band_182",
    "band_183"
  ],
  "npz_path": "results/CIM2015/E2/2015/eco_merged/sample.npz",
  "tiles_csv": "results/CIM2015/E2/2015/eco_merged/sample_tiles.csv",
  "n_tiles_used": 14,
  "meta_path": "results/CIM2015/E2/2015/eco_merged/sample_meta.json"
}
{"corr_threshold": 0.95, "n_clusters": 80, "n_singletons": 38, "n_multi": 42, "out_dir": "/home/perazo/coverage/bands_reduction/results/CIM2015/E2/2015/eco_merged/0.95", "status": "PASS"}
{"corr_threshold": 0.9, "n_clusters": 53, "n_singletons": 17, "n_multi": 36, "out_dir": "/home/perazo/coverage/bands_reduction/results/CIM2015/E2/2015/eco_merged/0.90", "status": "PASS"}
{"corr_threshold": 0.85, "n_clusters": 39, "n_singletons": 11, "n_multi": 28, "out_dir": "/home/perazo/coverage/bands_reduction/results/CIM2015/E2/2015/eco_merged/0.85", "status": "PASS"}
wrote /home/perazo/coverage/bands_reduction/results/CIM2015/E2/2015/eco_merged/cluster_all_thresholds.json
{"corr_threshold": 0.95, "status": "PASS", "n_clusters": 80, "n_representatives": 80, "n_rescued": 0, "out_dir": "/home/perazo/coverage/bands_reduction/results/CIM2015/E2/2015/eco_merged/0.95/representatives"}
{"corr_threshold": 0.9, "status": "PASS", "n_clusters": 53, "n_representatives": 53, "n_rescued": 0, "out_dir": "/home/perazo/coverage/bands_reduction/results/CIM2015/E2/2015/eco_merged/0.90/representatives"}
{"corr_threshold": 0.85, "status": "PASS", "n_clusters": 39, "n_representatives": 39, "n_rescued": 0, "out_dir": "/home/perazo/coverage/bands_reduction/results/CIM2015/E2/2015/eco_merged/0.85/representatives"}
wrote /home/perazo/coverage/bands_reduction/results/CIM2015/E2/2015/eco_merged/representatives_all_thresholds.json
=== E2 DONE elapsed=213s 2026-08-11T12:13:44-04:00 ===

=== E3 start 2026-08-11T12:13:44-04:00 tiles=13 ===
{"eco_id": 3, "year": 2015, "n_tiles": 13, "n_pixels": 100000, "balance": "equal_per_tile", "workers": 4}
{
  "eco_id": 3,
  "year": 2015,
  "n_pixels_target": 100000,
  "n_finite_total": 99884,
  "n_bands": 184,
  "balance": "equal_per_tile",
  "random_state": 42,
  "band_names": [
    "band_0",
    "band_1",
    "band_2",
    "band_3",
    "band_4",
    "band_5",
    "band_6",
    "band_7",
    "band_8",
    "band_9",
    "band_10",
    "band_11",
    "band_12",
    "band_13",
    "band_14",
    "band_15",
    "band_16",
    "band_17",
    "band_18",
    "band_19",
    "band_20",
    "band_21",
    "band_22",
    "band_23",
    "band_24",
    "band_25",
    "band_26",
    "band_27",
    "band_28",
    "band_29",
    "band_30",
    "band_31",
    "band_32",
    "band_33",
    "band_34",
    "band_35",
    "band_36",
    "band_37",
    "band_38",
    "band_39",
    "band_40",
    "band_41",
    "band_42",
    "band_43",
    "band_44",
    "band_45",
    "band_46",
    "band_47",
    "band_48",
    "band_49",
    "band_50",
    "band_51",
    "band_52",
    "band_53",
    "band_54",
    "band_55",
    "band_56",
    "band_57",
    "band_58",
    "band_59",
    "band_60",
    "band_61",
    "band_62",
    "band_63",
    "band_64",
    "band_65",
    "band_66",
    "band_67",
    "band_68",
    "band_69",
    "band_70",
    "band_71",
    "band_72",
    "band_73",
    "band_74",
    "band_75",
    "band_76",
    "band_77",
    "band_78",
    "band_79",
    "band_80",
    "band_81",
    "band_82",
    "band_83",
    "band_84",
    "band_85",
    "band_86",
    "band_87",
    "band_88",
    "band_89",
    "band_90",
    "band_91",
    "band_92",
    "band_93",
    "band_94",
    "band_95",
    "band_96",
    "band_97",
    "band_98",
    "band_99",
    "band_100",
    "band_101",
    "band_102",
    "band_103",
    "band_104",
    "band_105",
    "band_106",
    "band_107",
    "band_108",
    "band_109",
    "band_110",
    "band_111",
    "band_112",
    "band_113",
    "band_114",
    "band_115",
    "band_116",
    "band_117",
    "band_118",
    "band_119",
    "band_120",
    "band_121",
    "band_122",
    "band_123",
    "band_124",
    "band_125",
    "band_126",
    "band_127",
    "band_128",
    "band_129",
    "band_130",
    "band_131",
    "band_132",
    "band_133",
    "band_134",
    "band_135",
    "band_136",
    "band_137",
    "band_138",
    "band_139",
    "band_140",
    "band_141",
    "band_142",
    "band_143",
    "band_144",
    "band_145",
    "band_146",
    "band_147",
    "band_148",
    "band_149",
    "band_150",
    "band_151",
    "band_152",
    "band_153",
    "band_154",
    "band_155",
    "band_156",
    "band_157",
    "band_158",
    "band_159",
    "band_160",
    "band_161",
    "band_162",
    "band_163",
    "band_164",
    "band_165",
    "band_166",
    "band_167",
    "band_168",
    "band_169",
    "band_170",
    "band_171",
    "band_172",
    "band_173",
    "band_174",
    "band_175",
    "band_176",
    "band_177",
    "band_178",
    "band_179",
    "band_180",
    "band_181",
    "band_182",
    "band_183"
  ],
  "npz_path": "results/CIM2015/E3/2015/eco_merged/sample.npz",
  "tiles_csv": "results/CIM2015/E3/2015/eco_merged/sample_tiles.csv",
  "n_tiles_used": 13,
  "meta_path": "results/CIM2015/E3/2015/eco_merged/sample_meta.json"
}
{"corr_threshold": 0.95, "n_clusters": 67, "n_singletons": 42, "n_multi": 25, "out_dir": "/home/perazo/coverage/bands_reduction/results/CIM2015/E3/2015/eco_merged/0.95", "status": "PASS"}
{"corr_threshold": 0.9, "n_clusters": 48, "n_singletons": 25, "n_multi": 23, "out_dir": "/home/perazo/coverage/bands_reduction/results/CIM2015/E3/2015/eco_merged/0.90", "status": "PASS"}
{"corr_threshold": 0.85, "n_clusters": 40, "n_singletons": 17, "n_multi": 23, "out_dir": "/home/perazo/coverage/bands_reduction/results/CIM2015/E3/2015/eco_merged/0.85", "status": "PASS"}
wrote /home/perazo/coverage/bands_reduction/results/CIM2015/E3/2015/eco_merged/cluster_all_thresholds.json
{"corr_threshold": 0.95, "status": "PASS", "n_clusters": 67, "n_representatives": 67, "n_rescued": 0, "out_dir": "/home/perazo/coverage/bands_reduction/results/CIM2015/E3/2015/eco_merged/0.95/representatives"}
{"corr_threshold": 0.9, "status": "PASS", "n_clusters": 48, "n_representatives": 48, "n_rescued": 0, "out_dir": "/home/perazo/coverage/bands_reduction/results/CIM2015/E3/2015/eco_merged/0.90/representatives"}
{"corr_threshold": 0.85, "status": "PASS", "n_clusters": 40, "n_representatives": 40, "n_rescued": 0, "out_dir": "/home/perazo/coverage/bands_reduction/results/CIM2015/E3/2015/eco_merged/0.85/representatives"}
wrote /home/perazo/coverage/bands_reduction/results/CIM2015/E3/2015/eco_merged/representatives_all_thresholds.json
=== E3 DONE elapsed=135s 2026-08-11T12:15:59-04:00 ===

=== E4 start 2026-08-11T12:15:59-04:00 tiles=17 ===
{"eco_id": 4, "year": 2015, "n_tiles": 17, "n_pixels": 100000, "balance": "equal_per_tile", "workers": 4}
{
  "eco_id": 4,
  "year": 2015,
  "n_pixels_target": 100000,
  "n_finite_total": 99999,
  "n_bands": 184,
  "balance": "equal_per_tile",
  "random_state": 42,
  "band_names": [
    "band_0",
    "band_1",
    "band_2",
    "band_3",
    "band_4",
    "band_5",
    "band_6",
    "band_7",
    "band_8",
    "band_9",
    "band_10",
    "band_11",
    "band_12",
    "band_13",
    "band_14",
    "band_15",
    "band_16",
    "band_17",
    "band_18",
    "band_19",
    "band_20",
    "band_21",
    "band_22",
    "band_23",
    "band_24",
    "band_25",
    "band_26",
    "band_27",
    "band_28",
    "band_29",
    "band_30",
    "band_31",
    "band_32",
    "band_33",
    "band_34",
    "band_35",
    "band_36",
    "band_37",
    "band_38",
    "band_39",
    "band_40",
    "band_41",
    "band_42",
    "band_43",
    "band_44",
    "band_45",
    "band_46",
    "band_47",
    "band_48",
    "band_49",
    "band_50",
    "band_51",
    "band_52",
    "band_53",
    "band_54",
    "band_55",
    "band_56",
    "band_57",
    "band_58",
    "band_59",
    "band_60",
    "band_61",
    "band_62",
    "band_63",
    "band_64",
    "band_65",
    "band_66",
    "band_67",
    "band_68",
    "band_69",
    "band_70",
    "band_71",
    "band_72",
    "band_73",
    "band_74",
    "band_75",
    "band_76",
    "band_77",
    "band_78",
    "band_79",
    "band_80",
    "band_81",
    "band_82",
    "band_83",
    "band_84",
    "band_85",
    "band_86",
    "band_87",
    "band_88",
    "band_89",
    "band_90",
    "band_91",
    "band_92",
    "band_93",
    "band_94",
    "band_95",
    "band_96",
    "band_97",
    "band_98",
    "band_99",
    "band_100",
    "band_101",
    "band_102",
    "band_103",
    "band_104",
    "band_105",
    "band_106",
    "band_107",
    "band_108",
    "band_109",
    "band_110",
    "band_111",
    "band_112",
    "band_113",
    "band_114",
    "band_115",
    "band_116",
    "band_117",
    "band_118",
    "band_119",
    "band_120",
    "band_121",
    "band_122",
    "band_123",
    "band_124",
    "band_125",
    "band_126",
    "band_127",
    "band_128",
    "band_129",
    "band_130",
    "band_131",
    "band_132",
    "band_133",
    "band_134",
    "band_135",
    "band_136",
    "band_137",
    "band_138",
    "band_139",
    "band_140",
    "band_141",
    "band_142",
    "band_143",
    "band_144",
    "band_145",
    "band_146",
    "band_147",
    "band_148",
    "band_149",
    "band_150",
    "band_151",
    "band_152",
    "band_153",
    "band_154",
    "band_155",
    "band_156",
    "band_157",
    "band_158",
    "band_159",
    "band_160",
    "band_161",
    "band_162",
    "band_163",
    "band_164",
    "band_165",
    "band_166",
    "band_167",
    "band_168",
    "band_169",
    "band_170",
    "band_171",
    "band_172",
    "band_173",
    "band_174",
    "band_175",
    "band_176",
    "band_177",
    "band_178",
    "band_179",
    "band_180",
    "band_181",
    "band_182",
    "band_183"
  ],
  "npz_path": "results/CIM2015/E4/2015/eco_merged/sample.npz",
  "tiles_csv": "results/CIM2015/E4/2015/eco_merged/sample_tiles.csv",
  "n_tiles_used": 17,
  "meta_path": "results/CIM2015/E4/2015/eco_merged/sample_meta.json"
}
{"corr_threshold": 0.95, "n_clusters": 51, "n_singletons": 35, "n_multi": 16, "out_dir": "/home/perazo/coverage/bands_reduction/results/CIM2015/E4/2015/eco_merged/0.95", "status": "PASS"}
{"corr_threshold": 0.9, "n_clusters": 39, "n_singletons": 24, "n_multi": 15, "out_dir": "/home/perazo/coverage/bands_reduction/results/CIM2015/E4/2015/eco_merged/0.90", "status": "PASS"}
{"corr_threshold": 0.85, "n_clusters": 31, "n_singletons": 18, "n_multi": 13, "out_dir": "/home/perazo/coverage/bands_reduction/results/CIM2015/E4/2015/eco_merged/0.85", "status": "PASS"}
wrote /home/perazo/coverage/bands_reduction/results/CIM2015/E4/2015/eco_merged/cluster_all_thresholds.json
{"corr_threshold": 0.95, "status": "PASS", "n_clusters": 51, "n_representatives": 51, "n_rescued": 0, "out_dir": "/home/perazo/coverage/bands_reduction/results/CIM2015/E4/2015/eco_merged/0.95/representatives"}
{"corr_threshold": 0.9, "status": "PASS", "n_clusters": 39, "n_representatives": 39, "n_rescued": 0, "out_dir": "/home/perazo/coverage/bands_reduction/results/CIM2015/E4/2015/eco_merged/0.90/representatives"}
{"corr_threshold": 0.85, "status": "PASS", "n_clusters": 31, "n_representatives": 31, "n_rescued": 0, "out_dir": "/home/perazo/coverage/bands_reduction/results/CIM2015/E4/2015/eco_merged/0.85/representatives"}
wrote /home/perazo/coverage/bands_reduction/results/CIM2015/E4/2015/eco_merged/representatives_all_thresholds.json
=== E4 DONE elapsed=182s 2026-08-11T12:19:01-04:00 ===

=== E5 start 2026-08-11T12:19:01-04:00 tiles=10 ===
{"eco_id": 5, "year": 2015, "n_tiles": 10, "n_pixels": 100000, "balance": "equal_per_tile", "workers": 4}
{
  "eco_id": 5,
  "year": 2015,
  "n_pixels_target": 100000,
  "n_finite_total": 100000,
  "n_bands": 184,
  "balance": "equal_per_tile",
  "random_state": 42,
  "band_names": [
    "band_0",
    "band_1",
    "band_2",
    "band_3",
    "band_4",
    "band_5",
    "band_6",
    "band_7",
    "band_8",
    "band_9",
    "band_10",
    "band_11",
    "band_12",
    "band_13",
    "band_14",
    "band_15",
    "band_16",
    "band_17",
    "band_18",
    "band_19",
    "band_20",
    "band_21",
    "band_22",
    "band_23",
    "band_24",
    "band_25",
    "band_26",
    "band_27",
    "band_28",
    "band_29",
    "band_30",
    "band_31",
    "band_32",
    "band_33",
    "band_34",
    "band_35",
    "band_36",
    "band_37",
    "band_38",
    "band_39",
    "band_40",
    "band_41",
    "band_42",
    "band_43",
    "band_44",
    "band_45",
    "band_46",
    "band_47",
    "band_48",
    "band_49",
    "band_50",
    "band_51",
    "band_52",
    "band_53",
    "band_54",
    "band_55",
    "band_56",
    "band_57",
    "band_58",
    "band_59",
    "band_60",
    "band_61",
    "band_62",
    "band_63",
    "band_64",
    "band_65",
    "band_66",
    "band_67",
    "band_68",
    "band_69",
    "band_70",
    "band_71",
    "band_72",
    "band_73",
    "band_74",
    "band_75",
    "band_76",
    "band_77",
    "band_78",
    "band_79",
    "band_80",
    "band_81",
    "band_82",
    "band_83",
    "band_84",
    "band_85",
    "band_86",
    "band_87",
    "band_88",
    "band_89",
    "band_90",
    "band_91",
    "band_92",
    "band_93",
    "band_94",
    "band_95",
    "band_96",
    "band_97",
    "band_98",
    "band_99",
    "band_100",
    "band_101",
    "band_102",
    "band_103",
    "band_104",
    "band_105",
    "band_106",
    "band_107",
    "band_108",
    "band_109",
    "band_110",
    "band_111",
    "band_112",
    "band_113",
    "band_114",
    "band_115",
    "band_116",
    "band_117",
    "band_118",
    "band_119",
    "band_120",
    "band_121",
    "band_122",
    "band_123",
    "band_124",
    "band_125",
    "band_126",
    "band_127",
    "band_128",
    "band_129",
    "band_130",
    "band_131",
    "band_132",
    "band_133",
    "band_134",
    "band_135",
    "band_136",
    "band_137",
    "band_138",
    "band_139",
    "band_140",
    "band_141",
    "band_142",
    "band_143",
    "band_144",
    "band_145",
    "band_146",
    "band_147",
    "band_148",
    "band_149",
    "band_150",
    "band_151",
    "band_152",
    "band_153",
    "band_154",
    "band_155",
    "band_156",
    "band_157",
    "band_158",
    "band_159",
    "band_160",
    "band_161",
    "band_162",
    "band_163",
    "band_164",
    "band_165",
    "band_166",
    "band_167",
    "band_168",
    "band_169",
    "band_170",
    "band_171",
    "band_172",
    "band_173",
    "band_174",
    "band_175",
    "band_176",
    "band_177",
    "band_178",
    "band_179",
    "band_180",
    "band_181",
    "band_182",
    "band_183"
  ],
  "npz_path": "results/CIM2015/E5/2015/eco_merged/sample.npz",
  "tiles_csv": "results/CIM2015/E5/2015/eco_merged/sample_tiles.csv",
  "n_tiles_used": 10,
  "meta_path": "results/CIM2015/E5/2015/eco_merged/sample_meta.json"
}
{"corr_threshold": 0.95, "n_clusters": 76, "n_singletons": 49, "n_multi": 27, "out_dir": "/home/perazo/coverage/bands_reduction/results/CIM2015/E5/2015/eco_merged/0.95", "status": "PASS"}
{"corr_threshold": 0.9, "n_clusters": 60, "n_singletons": 30, "n_multi": 30, "out_dir": "/home/perazo/coverage/bands_reduction/results/CIM2015/E5/2015/eco_merged/0.90", "status": "PASS"}
{"corr_threshold": 0.85, "n_clusters": 46, "n_singletons": 19, "n_multi": 27, "out_dir": "/home/perazo/coverage/bands_reduction/results/CIM2015/E5/2015/eco_merged/0.85", "status": "PASS"}
wrote /home/perazo/coverage/bands_reduction/results/CIM2015/E5/2015/eco_merged/cluster_all_thresholds.json
{"corr_threshold": 0.95, "status": "PASS", "n_clusters": 76, "n_representatives": 76, "n_rescued": 0, "out_dir": "/home/perazo/coverage/bands_reduction/results/CIM2015/E5/2015/eco_merged/0.95/representatives"}
{"corr_threshold": 0.9, "status": "PASS", "n_clusters": 60, "n_representatives": 60, "n_rescued": 0, "out_dir": "/home/perazo/coverage/bands_reduction/results/CIM2015/E5/2015/eco_merged/0.90/representatives"}
{"corr_threshold": 0.85, "status": "PASS", "n_clusters": 46, "n_representatives": 46, "n_rescued": 0, "out_dir": "/home/perazo/coverage/bands_reduction/results/CIM2015/E5/2015/eco_merged/0.85/representatives"}
wrote /home/perazo/coverage/bands_reduction/results/CIM2015/E5/2015/eco_merged/representatives_all_thresholds.json
=== E5 DONE elapsed=137s 2026-08-11T12:21:18-04:00 ===

=== E6 start 2026-08-11T12:21:18-04:00 tiles=4 ===
{"eco_id": 6, "year": 2015, "n_tiles": 4, "n_pixels": 100000, "balance": "equal_per_tile", "workers": 4}
{
  "eco_id": 6,
  "year": 2015,
  "n_pixels_target": 100000,
  "n_finite_total": 100000,
  "n_bands": 184,
  "balance": "equal_per_tile",
  "random_state": 42,
  "band_names": [
    "band_0",
    "band_1",
    "band_2",
    "band_3",
    "band_4",
    "band_5",
    "band_6",
    "band_7",
    "band_8",
    "band_9",
    "band_10",
    "band_11",
    "band_12",
    "band_13",
    "band_14",
    "band_15",
    "band_16",
    "band_17",
    "band_18",
    "band_19",
    "band_20",
    "band_21",
    "band_22",
    "band_23",
    "band_24",
    "band_25",
    "band_26",
    "band_27",
    "band_28",
    "band_29",
    "band_30",
    "band_31",
    "band_32",
    "band_33",
    "band_34",
    "band_35",
    "band_36",
    "band_37",
    "band_38",
    "band_39",
    "band_40",
    "band_41",
    "band_42",
    "band_43",
    "band_44",
    "band_45",
    "band_46",
    "band_47",
    "band_48",
    "band_49",
    "band_50",
    "band_51",
    "band_52",
    "band_53",
    "band_54",
    "band_55",
    "band_56",
    "band_57",
    "band_58",
    "band_59",
    "band_60",
    "band_61",
    "band_62",
    "band_63",
    "band_64",
    "band_65",
    "band_66",
    "band_67",
    "band_68",
    "band_69",
    "band_70",
    "band_71",
    "band_72",
    "band_73",
    "band_74",
    "band_75",
    "band_76",
    "band_77",
    "band_78",
    "band_79",
    "band_80",
    "band_81",
    "band_82",
    "band_83",
    "band_84",
    "band_85",
    "band_86",
    "band_87",
    "band_88",
    "band_89",
    "band_90",
    "band_91",
    "band_92",
    "band_93",
    "band_94",
    "band_95",
    "band_96",
    "band_97",
    "band_98",
    "band_99",
    "band_100",
    "band_101",
    "band_102",
    "band_103",
    "band_104",
    "band_105",
    "band_106",
    "band_107",
    "band_108",
    "band_109",
    "band_110",
    "band_111",
    "band_112",
    "band_113",
    "band_114",
    "band_115",
    "band_116",
    "band_117",
    "band_118",
    "band_119",
    "band_120",
    "band_121",
    "band_122",
    "band_123",
    "band_124",
    "band_125",
    "band_126",
    "band_127",
    "band_128",
    "band_129",
    "band_130",
    "band_131",
    "band_132",
    "band_133",
    "band_134",
    "band_135",
    "band_136",
    "band_137",
    "band_138",
    "band_139",
    "band_140",
    "band_141",
    "band_142",
    "band_143",
    "band_144",
    "band_145",
    "band_146",
    "band_147",
    "band_148",
    "band_149",
    "band_150",
    "band_151",
    "band_152",
    "band_153",
    "band_154",
    "band_155",
    "band_156",
    "band_157",
    "band_158",
    "band_159",
    "band_160",
    "band_161",
    "band_162",
    "band_163",
    "band_164",
    "band_165",
    "band_166",
    "band_167",
    "band_168",
    "band_169",
    "band_170",
    "band_171",
    "band_172",
    "band_173",
    "band_174",
    "band_175",
    "band_176",
    "band_177",
    "band_178",
    "band_179",
    "band_180",
    "band_181",
    "band_182",
    "band_183"
  ],
  "npz_path": "results/CIM2015/E6/2015/eco_merged/sample.npz",
  "tiles_csv": "results/CIM2015/E6/2015/eco_merged/sample_tiles.csv",
  "n_tiles_used": 4,
  "meta_path": "results/CIM2015/E6/2015/eco_merged/sample_meta.json"
}
{"corr_threshold": 0.95, "n_clusters": 57, "n_singletons": 36, "n_multi": 21, "out_dir": "/home/perazo/coverage/bands_reduction/results/CIM2015/E6/2015/eco_merged/0.95", "status": "PASS"}
{"corr_threshold": 0.9, "n_clusters": 49, "n_singletons": 31, "n_multi": 18, "out_dir": "/home/perazo/coverage/bands_reduction/results/CIM2015/E6/2015/eco_merged/0.90", "status": "PASS"}
{"corr_threshold": 0.85, "n_clusters": 38, "n_singletons": 20, "n_multi": 18, "out_dir": "/home/perazo/coverage/bands_reduction/results/CIM2015/E6/2015/eco_merged/0.85", "status": "PASS"}
wrote /home/perazo/coverage/bands_reduction/results/CIM2015/E6/2015/eco_merged/cluster_all_thresholds.json
{"corr_threshold": 0.95, "status": "PASS", "n_clusters": 57, "n_representatives": 57, "n_rescued": 0, "out_dir": "/home/perazo/coverage/bands_reduction/results/CIM2015/E6/2015/eco_merged/0.95/representatives"}
{"corr_threshold": 0.9, "status": "PASS", "n_clusters": 49, "n_representatives": 49, "n_rescued": 0, "out_dir": "/home/perazo/coverage/bands_reduction/results/CIM2015/E6/2015/eco_merged/0.90/representatives"}
{"corr_threshold": 0.85, "status": "PASS", "n_clusters": 38, "n_representatives": 38, "n_rescued": 0, "out_dir": "/home/perazo/coverage/bands_reduction/results/CIM2015/E6/2015/eco_merged/0.85/representatives"}
wrote /home/perazo/coverage/bands_reduction/results/CIM2015/E6/2015/eco_merged/representatives_all_thresholds.json
=== E6 DONE elapsed=51s 2026-08-11T12:22:09-04:00 ===

=== E7 start 2026-08-11T12:22:09-04:00 tiles=9 ===
{"eco_id": 7, "year": 2015, "n_tiles": 9, "n_pixels": 100000, "balance": "equal_per_tile", "workers": 4}
{
  "eco_id": 7,
  "year": 2015,
  "n_pixels_target": 100000,
  "n_finite_total": 99999,
  "n_bands": 184,
  "balance": "equal_per_tile",
  "random_state": 42,
  "band_names": [
    "band_0",
    "band_1",
    "band_2",
    "band_3",
    "band_4",
    "band_5",
    "band_6",
    "band_7",
    "band_8",
    "band_9",
    "band_10",
    "band_11",
    "band_12",
    "band_13",
    "band_14",
    "band_15",
    "band_16",
    "band_17",
    "band_18",
    "band_19",
    "band_20",
    "band_21",
    "band_22",
    "band_23",
    "band_24",
    "band_25",
    "band_26",
    "band_27",
    "band_28",
    "band_29",
    "band_30",
    "band_31",
    "band_32",
    "band_33",
    "band_34",
    "band_35",
    "band_36",
    "band_37",
    "band_38",
    "band_39",
    "band_40",
    "band_41",
    "band_42",
    "band_43",
    "band_44",
    "band_45",
    "band_46",
    "band_47",
    "band_48",
    "band_49",
    "band_50",
    "band_51",
    "band_52",
    "band_53",
    "band_54",
    "band_55",
    "band_56",
    "band_57",
    "band_58",
    "band_59",
    "band_60",
    "band_61",
    "band_62",
    "band_63",
    "band_64",
    "band_65",
    "band_66",
    "band_67",
    "band_68",
    "band_69",
    "band_70",
    "band_71",
    "band_72",
    "band_73",
    "band_74",
    "band_75",
    "band_76",
    "band_77",
    "band_78",
    "band_79",
    "band_80",
    "band_81",
    "band_82",
    "band_83",
    "band_84",
    "band_85",
    "band_86",
    "band_87",
    "band_88",
    "band_89",
    "band_90",
    "band_91",
    "band_92",
    "band_93",
    "band_94",
    "band_95",
    "band_96",
    "band_97",
    "band_98",
    "band_99",
    "band_100",
    "band_101",
    "band_102",
    "band_103",
    "band_104",
    "band_105",
    "band_106",
    "band_107",
    "band_108",
    "band_109",
    "band_110",
    "band_111",
    "band_112",
    "band_113",
    "band_114",
    "band_115",
    "band_116",
    "band_117",
    "band_118",
    "band_119",
    "band_120",
    "band_121",
    "band_122",
    "band_123",
    "band_124",
    "band_125",
    "band_126",
    "band_127",
    "band_128",
    "band_129",
    "band_130",
    "band_131",
    "band_132",
    "band_133",
    "band_134",
    "band_135",
    "band_136",
    "band_137",
    "band_138",
    "band_139",
    "band_140",
    "band_141",
    "band_142",
    "band_143",
    "band_144",
    "band_145",
    "band_146",
    "band_147",
    "band_148",
    "band_149",
    "band_150",
    "band_151",
    "band_152",
    "band_153",
    "band_154",
    "band_155",
    "band_156",
    "band_157",
    "band_158",
    "band_159",
    "band_160",
    "band_161",
    "band_162",
    "band_163",
    "band_164",
    "band_165",
    "band_166",
    "band_167",
    "band_168",
    "band_169",
    "band_170",
    "band_171",
    "band_172",
    "band_173",
    "band_174",
    "band_175",
    "band_176",
    "band_177",
    "band_178",
    "band_179",
    "band_180",
    "band_181",
    "band_182",
    "band_183"
  ],
  "npz_path": "results/CIM2015/E7/2015/eco_merged/sample.npz",
  "tiles_csv": "results/CIM2015/E7/2015/eco_merged/sample_tiles.csv",
  "n_tiles_used": 9,
  "meta_path": "results/CIM2015/E7/2015/eco_merged/sample_meta.json"
}
{"corr_threshold": 0.95, "n_clusters": 46, "n_singletons": 28, "n_multi": 18, "out_dir": "/home/perazo/coverage/bands_reduction/results/CIM2015/E7/2015/eco_merged/0.95", "status": "PASS"}
{"corr_threshold": 0.9, "n_clusters": 32, "n_singletons": 16, "n_multi": 16, "out_dir": "/home/perazo/coverage/bands_reduction/results/CIM2015/E7/2015/eco_merged/0.90", "status": "PASS"}
{"corr_threshold": 0.85, "n_clusters": 25, "n_singletons": 12, "n_multi": 13, "out_dir": "/home/perazo/coverage/bands_reduction/results/CIM2015/E7/2015/eco_merged/0.85", "status": "PASS"}
wrote /home/perazo/coverage/bands_reduction/results/CIM2015/E7/2015/eco_merged/cluster_all_thresholds.json
{"corr_threshold": 0.95, "status": "PASS", "n_clusters": 46, "n_representatives": 46, "n_rescued": 0, "out_dir": "/home/perazo/coverage/bands_reduction/results/CIM2015/E7/2015/eco_merged/0.95/representatives"}
{"corr_threshold": 0.9, "status": "PASS", "n_clusters": 32, "n_representatives": 32, "n_rescued": 0, "out_dir": "/home/perazo/coverage/bands_reduction/results/CIM2015/E7/2015/eco_merged/0.90/representatives"}
{"corr_threshold": 0.85, "status": "PASS", "n_clusters": 25, "n_representatives": 25, "n_rescued": 0, "out_dir": "/home/perazo/coverage/bands_reduction/results/CIM2015/E7/2015/eco_merged/0.85/representatives"}
wrote /home/perazo/coverage/bands_reduction/results/CIM2015/E7/2015/eco_merged/representatives_all_thresholds.json
=== E7 DONE elapsed=110s 2026-08-11T12:23:59-04:00 ===

=== E8 start 2026-08-11T12:23:59-04:00 tiles=14 ===
{"eco_id": 8, "year": 2015, "n_tiles": 14, "n_pixels": 100000, "balance": "equal_per_tile", "workers": 4}
{
  "eco_id": 8,
  "year": 2015,
  "n_pixels_target": 100000,
  "n_finite_total": 99999,
  "n_bands": 184,
  "balance": "equal_per_tile",
  "random_state": 42,
  "band_names": [
    "band_0",
    "band_1",
    "band_2",
    "band_3",
    "band_4",
    "band_5",
    "band_6",
    "band_7",
    "band_8",
    "band_9",
    "band_10",
    "band_11",
    "band_12",
    "band_13",
    "band_14",
    "band_15",
    "band_16",
    "band_17",
    "band_18",
    "band_19",
    "band_20",
    "band_21",
    "band_22",
    "band_23",
    "band_24",
    "band_25",
    "band_26",
    "band_27",
    "band_28",
    "band_29",
    "band_30",
    "band_31",
    "band_32",
    "band_33",
    "band_34",
    "band_35",
    "band_36",
    "band_37",
    "band_38",
    "band_39",
    "band_40",
    "band_41",
    "band_42",
    "band_43",
    "band_44",
    "band_45",
    "band_46",
    "band_47",
    "band_48",
    "band_49",
    "band_50",
    "band_51",
    "band_52",
    "band_53",
    "band_54",
    "band_55",
    "band_56",
    "band_57",
    "band_58",
    "band_59",
    "band_60",
    "band_61",
    "band_62",
    "band_63",
    "band_64",
    "band_65",
    "band_66",
    "band_67",
    "band_68",
    "band_69",
    "band_70",
    "band_71",
    "band_72",
    "band_73",
    "band_74",
    "band_75",
    "band_76",
    "band_77",
    "band_78",
    "band_79",
    "band_80",
    "band_81",
    "band_82",
    "band_83",
    "band_84",
    "band_85",
    "band_86",
    "band_87",
    "band_88",
    "band_89",
    "band_90",
    "band_91",
    "band_92",
    "band_93",
    "band_94",
    "band_95",
    "band_96",
    "band_97",
    "band_98",
    "band_99",
    "band_100",
    "band_101",
    "band_102",
    "band_103",
    "band_104",
    "band_105",
    "band_106",
    "band_107",
    "band_108",
    "band_109",
    "band_110",
    "band_111",
    "band_112",
    "band_113",
    "band_114",
    "band_115",
    "band_116",
    "band_117",
    "band_118",
    "band_119",
    "band_120",
    "band_121",
    "band_122",
    "band_123",
    "band_124",
    "band_125",
    "band_126",
    "band_127",
    "band_128",
    "band_129",
    "band_130",
    "band_131",
    "band_132",
    "band_133",
    "band_134",
    "band_135",
    "band_136",
    "band_137",
    "band_138",
    "band_139",
    "band_140",
    "band_141",
    "band_142",
    "band_143",
    "band_144",
    "band_145",
    "band_146",
    "band_147",
    "band_148",
    "band_149",
    "band_150",
    "band_151",
    "band_152",
    "band_153",
    "band_154",
    "band_155",
    "band_156",
    "band_157",
    "band_158",
    "band_159",
    "band_160",
    "band_161",
    "band_162",
    "band_163",
    "band_164",
    "band_165",
    "band_166",
    "band_167",
    "band_168",
    "band_169",
    "band_170",
    "band_171",
    "band_172",
    "band_173",
    "band_174",
    "band_175",
    "band_176",
    "band_177",
    "band_178",
    "band_179",
    "band_180",
    "band_181",
    "band_182",
    "band_183"
  ],
  "npz_path": "results/CIM2015/E8/2015/eco_merged/sample.npz",
  "tiles_csv": "results/CIM2015/E8/2015/eco_merged/sample_tiles.csv",
  "n_tiles_used": 14,
  "meta_path": "results/CIM2015/E8/2015/eco_merged/sample_meta.json"
}
{"corr_threshold": 0.95, "n_clusters": 66, "n_singletons": 43, "n_multi": 23, "out_dir": "/home/perazo/coverage/bands_reduction/results/CIM2015/E8/2015/eco_merged/0.95", "status": "PASS"}
{"corr_threshold": 0.9, "n_clusters": 50, "n_singletons": 25, "n_multi": 25, "out_dir": "/home/perazo/coverage/bands_reduction/results/CIM2015/E8/2015/eco_merged/0.90", "status": "PASS"}
{"corr_threshold": 0.85, "n_clusters": 35, "n_singletons": 14, "n_multi": 21, "out_dir": "/home/perazo/coverage/bands_reduction/results/CIM2015/E8/2015/eco_merged/0.85", "status": "PASS"}
wrote /home/perazo/coverage/bands_reduction/results/CIM2015/E8/2015/eco_merged/cluster_all_thresholds.json
{"corr_threshold": 0.95, "status": "PASS", "n_clusters": 66, "n_representatives": 66, "n_rescued": 0, "out_dir": "/home/perazo/coverage/bands_reduction/results/CIM2015/E8/2015/eco_merged/0.95/representatives"}
{"corr_threshold": 0.9, "status": "PASS", "n_clusters": 50, "n_representatives": 50, "n_rescued": 0, "out_dir": "/home/perazo/coverage/bands_reduction/results/CIM2015/E8/2015/eco_merged/0.90/representatives"}
{"corr_threshold": 0.85, "status": "PASS", "n_clusters": 35, "n_representatives": 35, "n_rescued": 0, "out_dir": "/home/perazo/coverage/bands_reduction/results/CIM2015/E8/2015/eco_merged/0.85/representatives"}
wrote /home/perazo/coverage/bands_reduction/results/CIM2015/E8/2015/eco_merged/representatives_all_thresholds.json
=== E8 DONE elapsed=153s 2026-08-11T12:26:32-04:00 ===

=== E9 start 2026-08-11T12:26:32-04:00 tiles=10 ===
{"eco_id": 9, "year": 2015, "n_tiles": 10, "n_pixels": 100000, "balance": "equal_per_tile", "workers": 4}
{
  "eco_id": 9,
  "year": 2015,
  "n_pixels_target": 100000,
  "n_finite_total": 99999,
  "n_bands": 184,
  "balance": "equal_per_tile",
  "random_state": 42,
  "band_names": [
    "band_0",
    "band_1",
    "band_2",
    "band_3",
    "band_4",
    "band_5",
    "band_6",
    "band_7",
    "band_8",
    "band_9",
    "band_10",
    "band_11",
    "band_12",
    "band_13",
    "band_14",
    "band_15",
    "band_16",
    "band_17",
    "band_18",
    "band_19",
    "band_20",
    "band_21",
    "band_22",
    "band_23",
    "band_24",
    "band_25",
    "band_26",
    "band_27",
    "band_28",
    "band_29",
    "band_30",
    "band_31",
    "band_32",
    "band_33",
    "band_34",
    "band_35",
    "band_36",
    "band_37",
    "band_38",
    "band_39",
    "band_40",
    "band_41",
    "band_42",
    "band_43",
    "band_44",
    "band_45",
    "band_46",
    "band_47",
    "band_48",
    "band_49",
    "band_50",
    "band_51",
    "band_52",
    "band_53",
    "band_54",
    "band_55",
    "band_56",
    "band_57",
    "band_58",
    "band_59",
    "band_60",
    "band_61",
    "band_62",
    "band_63",
    "band_64",
    "band_65",
    "band_66",
    "band_67",
    "band_68",
    "band_69",
    "band_70",
    "band_71",
    "band_72",
    "band_73",
    "band_74",
    "band_75",
    "band_76",
    "band_77",
    "band_78",
    "band_79",
    "band_80",
    "band_81",
    "band_82",
    "band_83",
    "band_84",
    "band_85",
    "band_86",
    "band_87",
    "band_88",
    "band_89",
    "band_90",
    "band_91",
    "band_92",
    "band_93",
    "band_94",
    "band_95",
    "band_96",
    "band_97",
    "band_98",
    "band_99",
    "band_100",
    "band_101",
    "band_102",
    "band_103",
    "band_104",
    "band_105",
    "band_106",
    "band_107",
    "band_108",
    "band_109",
    "band_110",
    "band_111",
    "band_112",
    "band_113",
    "band_114",
    "band_115",
    "band_116",
    "band_117",
    "band_118",
    "band_119",
    "band_120",
    "band_121",
    "band_122",
    "band_123",
    "band_124",
    "band_125",
    "band_126",
    "band_127",
    "band_128",
    "band_129",
    "band_130",
    "band_131",
    "band_132",
    "band_133",
    "band_134",
    "band_135",
    "band_136",
    "band_137",
    "band_138",
    "band_139",
    "band_140",
    "band_141",
    "band_142",
    "band_143",
    "band_144",
    "band_145",
    "band_146",
    "band_147",
    "band_148",
    "band_149",
    "band_150",
    "band_151",
    "band_152",
    "band_153",
    "band_154",
    "band_155",
    "band_156",
    "band_157",
    "band_158",
    "band_159",
    "band_160",
    "band_161",
    "band_162",
    "band_163",
    "band_164",
    "band_165",
    "band_166",
    "band_167",
    "band_168",
    "band_169",
    "band_170",
    "band_171",
    "band_172",
    "band_173",
    "band_174",
    "band_175",
    "band_176",
    "band_177",
    "band_178",
    "band_179",
    "band_180",
    "band_181",
    "band_182",
    "band_183"
  ],
  "npz_path": "results/CIM2015/E9/2015/eco_merged/sample.npz",
  "tiles_csv": "results/CIM2015/E9/2015/eco_merged/sample_tiles.csv",
  "n_tiles_used": 10,
  "meta_path": "results/CIM2015/E9/2015/eco_merged/sample_meta.json"
}
{"corr_threshold": 0.95, "n_clusters": 47, "n_singletons": 28, "n_multi": 19, "out_dir": "/home/perazo/coverage/bands_reduction/results/CIM2015/E9/2015/eco_merged/0.95", "status": "PASS"}
{"corr_threshold": 0.9, "n_clusters": 29, "n_singletons": 14, "n_multi": 15, "out_dir": "/home/perazo/coverage/bands_reduction/results/CIM2015/E9/2015/eco_merged/0.90", "status": "PASS"}
{"corr_threshold": 0.85, "n_clusters": 19, "n_singletons": 8, "n_multi": 11, "out_dir": "/home/perazo/coverage/bands_reduction/results/CIM2015/E9/2015/eco_merged/0.85", "status": "PASS"}
wrote /home/perazo/coverage/bands_reduction/results/CIM2015/E9/2015/eco_merged/cluster_all_thresholds.json
{"corr_threshold": 0.95, "status": "PASS", "n_clusters": 47, "n_representatives": 47, "n_rescued": 0, "out_dir": "/home/perazo/coverage/bands_reduction/results/CIM2015/E9/2015/eco_merged/0.95/representatives"}
{"corr_threshold": 0.9, "status": "PASS", "n_clusters": 29, "n_representatives": 29, "n_rescued": 0, "out_dir": "/home/perazo/coverage/bands_reduction/results/CIM2015/E9/2015/eco_merged/0.90/representatives"}
{"corr_threshold": 0.85, "status": "PASS", "n_clusters": 19, "n_representatives": 19, "n_rescued": 0, "out_dir": "/home/perazo/coverage/bands_reduction/results/CIM2015/E9/2015/eco_merged/0.85/representatives"}
wrote /home/perazo/coverage/bands_reduction/results/CIM2015/E9/2015/eco_merged/representatives_all_thresholds.json
=== E9 DONE elapsed=122s 2026-08-11T12:28:34-04:00 ===

=== E10 start 2026-08-11T12:28:34-04:00 tiles=21 ===
{"eco_id": 10, "year": 2015, "n_tiles": 21, "n_pixels": 100000, "balance": "equal_per_tile", "workers": 4}
{
  "eco_id": 10,
  "year": 2015,
  "n_pixels_target": 100000,
  "n_finite_total": 99894,
  "n_bands": 184,
  "balance": "equal_per_tile",
  "random_state": 42,
  "band_names": [
    "band_0",
    "band_1",
    "band_2",
    "band_3",
    "band_4",
    "band_5",
    "band_6",
    "band_7",
    "band_8",
    "band_9",
    "band_10",
    "band_11",
    "band_12",
    "band_13",
    "band_14",
    "band_15",
    "band_16",
    "band_17",
    "band_18",
    "band_19",
    "band_20",
    "band_21",
    "band_22",
    "band_23",
    "band_24",
    "band_25",
    "band_26",
    "band_27",
    "band_28",
    "band_29",
    "band_30",
    "band_31",
    "band_32",
    "band_33",
    "band_34",
    "band_35",
    "band_36",
    "band_37",
    "band_38",
    "band_39",
    "band_40",
    "band_41",
    "band_42",
    "band_43",
    "band_44",
    "band_45",
    "band_46",
    "band_47",
    "band_48",
    "band_49",
    "band_50",
    "band_51",
    "band_52",
    "band_53",
    "band_54",
    "band_55",
    "band_56",
    "band_57",
    "band_58",
    "band_59",
    "band_60",
    "band_61",
    "band_62",
    "band_63",
    "band_64",
    "band_65",
    "band_66",
    "band_67",
    "band_68",
    "band_69",
    "band_70",
    "band_71",
    "band_72",
    "band_73",
    "band_74",
    "band_75",
    "band_76",
    "band_77",
    "band_78",
    "band_79",
    "band_80",
    "band_81",
    "band_82",
    "band_83",
    "band_84",
    "band_85",
    "band_86",
    "band_87",
    "band_88",
    "band_89",
    "band_90",
    "band_91",
    "band_92",
    "band_93",
    "band_94",
    "band_95",
    "band_96",
    "band_97",
    "band_98",
    "band_99",
    "band_100",
    "band_101",
    "band_102",
    "band_103",
    "band_104",
    "band_105",
    "band_106",
    "band_107",
    "band_108",
    "band_109",
    "band_110",
    "band_111",
    "band_112",
    "band_113",
    "band_114",
    "band_115",
    "band_116",
    "band_117",
    "band_118",
    "band_119",
    "band_120",
    "band_121",
    "band_122",
    "band_123",
    "band_124",
    "band_125",
    "band_126",
    "band_127",
    "band_128",
    "band_129",
    "band_130",
    "band_131",
    "band_132",
    "band_133",
    "band_134",
    "band_135",
    "band_136",
    "band_137",
    "band_138",
    "band_139",
    "band_140",
    "band_141",
    "band_142",
    "band_143",
    "band_144",
    "band_145",
    "band_146",
    "band_147",
    "band_148",
    "band_149",
    "band_150",
    "band_151",
    "band_152",
    "band_153",
    "band_154",
    "band_155",
    "band_156",
    "band_157",
    "band_158",
    "band_159",
    "band_160",
    "band_161",
    "band_162",
    "band_163",
    "band_164",
    "band_165",
    "band_166",
    "band_167",
    "band_168",
    "band_169",
    "band_170",
    "band_171",
    "band_172",
    "band_173",
    "band_174",
    "band_175",
    "band_176",
    "band_177",
    "band_178",
    "band_179",
    "band_180",
    "band_181",
    "band_182",
    "band_183"
  ],
  "npz_path": "results/CIM2015/E10/2015/eco_merged/sample.npz",
  "tiles_csv": "results/CIM2015/E10/2015/eco_merged/sample_tiles.csv",
  "n_tiles_used": 21,
  "meta_path": "results/CIM2015/E10/2015/eco_merged/sample_meta.json"
}
{"corr_threshold": 0.95, "n_clusters": 46, "n_singletons": 30, "n_multi": 16, "out_dir": "/home/perazo/coverage/bands_reduction/results/CIM2015/E10/2015/eco_merged/0.95", "status": "PASS"}
{"corr_threshold": 0.9, "n_clusters": 28, "n_singletons": 12, "n_multi": 16, "out_dir": "/home/perazo/coverage/bands_reduction/results/CIM2015/E10/2015/eco_merged/0.90", "status": "PASS"}
{"corr_threshold": 0.85, "n_clusters": 21, "n_singletons": 8, "n_multi": 13, "out_dir": "/home/perazo/coverage/bands_reduction/results/CIM2015/E10/2015/eco_merged/0.85", "status": "PASS"}
wrote /home/perazo/coverage/bands_reduction/results/CIM2015/E10/2015/eco_merged/cluster_all_thresholds.json
{"corr_threshold": 0.95, "status": "PASS", "n_clusters": 46, "n_representatives": 46, "n_rescued": 0, "out_dir": "/home/perazo/coverage/bands_reduction/results/CIM2015/E10/2015/eco_merged/0.95/representatives"}
{"corr_threshold": 0.9, "status": "PASS", "n_clusters": 28, "n_representatives": 28, "n_rescued": 0, "out_dir": "/home/perazo/coverage/bands_reduction/results/CIM2015/E10/2015/eco_merged/0.90/representatives"}
{"corr_threshold": 0.85, "status": "PASS", "n_clusters": 21, "n_representatives": 21, "n_rescued": 0, "out_dir": "/home/perazo/coverage/bands_reduction/results/CIM2015/E10/2015/eco_merged/0.85/representatives"}
wrote /home/perazo/coverage/bands_reduction/results/CIM2015/E10/2015/eco_merged/representatives_all_thresholds.json
=== E10 DONE elapsed=226s 2026-08-11T12:32:20-04:00 ===

=== E11 start 2026-08-11T12:32:20-04:00 tiles=7 ===
{"eco_id": 11, "year": 2015, "n_tiles": 7, "n_pixels": 100000, "balance": "equal_per_tile", "workers": 4}
{
  "eco_id": 11,
  "year": 2015,
  "n_pixels_target": 100000,
  "n_finite_total": 99997,
  "n_bands": 184,
  "balance": "equal_per_tile",
  "random_state": 42,
  "band_names": [
    "band_0",
    "band_1",
    "band_2",
    "band_3",
    "band_4",
    "band_5",
    "band_6",
    "band_7",
    "band_8",
    "band_9",
    "band_10",
    "band_11",
    "band_12",
    "band_13",
    "band_14",
    "band_15",
    "band_16",
    "band_17",
    "band_18",
    "band_19",
    "band_20",
    "band_21",
    "band_22",
    "band_23",
    "band_24",
    "band_25",
    "band_26",
    "band_27",
    "band_28",
    "band_29",
    "band_30",
    "band_31",
    "band_32",
    "band_33",
    "band_34",
    "band_35",
    "band_36",
    "band_37",
    "band_38",
    "band_39",
    "band_40",
    "band_41",
    "band_42",
    "band_43",
    "band_44",
    "band_45",
    "band_46",
    "band_47",
    "band_48",
    "band_49",
    "band_50",
    "band_51",
    "band_52",
    "band_53",
    "band_54",
    "band_55",
    "band_56",
    "band_57",
    "band_58",
    "band_59",
    "band_60",
    "band_61",
    "band_62",
    "band_63",
    "band_64",
    "band_65",
    "band_66",
    "band_67",
    "band_68",
    "band_69",
    "band_70",
    "band_71",
    "band_72",
    "band_73",
    "band_74",
    "band_75",
    "band_76",
    "band_77",
    "band_78",
    "band_79",
    "band_80",
    "band_81",
    "band_82",
    "band_83",
    "band_84",
    "band_85",
    "band_86",
    "band_87",
    "band_88",
    "band_89",
    "band_90",
    "band_91",
    "band_92",
    "band_93",
    "band_94",
    "band_95",
    "band_96",
    "band_97",
    "band_98",
    "band_99",
    "band_100",
    "band_101",
    "band_102",
    "band_103",
    "band_104",
    "band_105",
    "band_106",
    "band_107",
    "band_108",
    "band_109",
    "band_110",
    "band_111",
    "band_112",
    "band_113",
    "band_114",
    "band_115",
    "band_116",
    "band_117",
    "band_118",
    "band_119",
    "band_120",
    "band_121",
    "band_122",
    "band_123",
    "band_124",
    "band_125",
    "band_126",
    "band_127",
    "band_128",
    "band_129",
    "band_130",
    "band_131",
    "band_132",
    "band_133",
    "band_134",
    "band_135",
    "band_136",
    "band_137",
    "band_138",
    "band_139",
    "band_140",
    "band_141",
    "band_142",
    "band_143",
    "band_144",
    "band_145",
    "band_146",
    "band_147",
    "band_148",
    "band_149",
    "band_150",
    "band_151",
    "band_152",
    "band_153",
    "band_154",
    "band_155",
    "band_156",
    "band_157",
    "band_158",
    "band_159",
    "band_160",
    "band_161",
    "band_162",
    "band_163",
    "band_164",
    "band_165",
    "band_166",
    "band_167",
    "band_168",
    "band_169",
    "band_170",
    "band_171",
    "band_172",
    "band_173",
    "band_174",
    "band_175",
    "band_176",
    "band_177",
    "band_178",
    "band_179",
    "band_180",
    "band_181",
    "band_182",
    "band_183"
  ],
  "npz_path": "results/CIM2015/E11/2015/eco_merged/sample.npz",
  "tiles_csv": "results/CIM2015/E11/2015/eco_merged/sample_tiles.csv",
  "n_tiles_used": 7,
  "meta_path": "results/CIM2015/E11/2015/eco_merged/sample_meta.json"
}
{"corr_threshold": 0.95, "n_clusters": 15, "n_singletons": 12, "n_multi": 3, "out_dir": "/home/perazo/coverage/bands_reduction/results/CIM2015/E11/2015/eco_merged/0.95", "status": "PASS"}
{"corr_threshold": 0.9, "n_clusters": 9, "n_singletons": 5, "n_multi": 4, "out_dir": "/home/perazo/coverage/bands_reduction/results/CIM2015/E11/2015/eco_merged/0.90", "status": "PASS"}
{"corr_threshold": 0.85, "n_clusters": 8, "n_singletons": 4, "n_multi": 4, "out_dir": "/home/perazo/coverage/bands_reduction/results/CIM2015/E11/2015/eco_merged/0.85", "status": "PASS"}
wrote /home/perazo/coverage/bands_reduction/results/CIM2015/E11/2015/eco_merged/cluster_all_thresholds.json
{"corr_threshold": 0.95, "status": "PASS", "n_clusters": 15, "n_representatives": 15, "n_rescued": 0, "out_dir": "/home/perazo/coverage/bands_reduction/results/CIM2015/E11/2015/eco_merged/0.95/representatives"}
{"corr_threshold": 0.9, "status": "PASS", "n_clusters": 9, "n_representatives": 9, "n_rescued": 0, "out_dir": "/home/perazo/coverage/bands_reduction/results/CIM2015/E11/2015/eco_merged/0.90/representatives"}
{"corr_threshold": 0.85, "status": "PASS", "n_clusters": 8, "n_representatives": 8, "n_rescued": 0, "out_dir": "/home/perazo/coverage/bands_reduction/results/CIM2015/E11/2015/eco_merged/0.85/representatives"}
wrote /home/perazo/coverage/bands_reduction/results/CIM2015/E11/2015/eco_merged/representatives_all_thresholds.json
=== E11 DONE elapsed=86s 2026-08-11T12:33:46-04:00 ===

=== E12 start 2026-08-11T12:33:46-04:00 tiles=6 ===
{"eco_id": 12, "year": 2015, "n_tiles": 6, "n_pixels": 100000, "balance": "equal_per_tile", "workers": 4}
{
  "eco_id": 12,
  "year": 2015,
  "n_pixels_target": 100000,
  "n_finite_total": 100000,
  "n_bands": 184,
  "balance": "equal_per_tile",
  "random_state": 42,
  "band_names": [
    "band_0",
    "band_1",
    "band_2",
    "band_3",
    "band_4",
    "band_5",
    "band_6",
    "band_7",
    "band_8",
    "band_9",
    "band_10",
    "band_11",
    "band_12",
    "band_13",
    "band_14",
    "band_15",
    "band_16",
    "band_17",
    "band_18",
    "band_19",
    "band_20",
    "band_21",
    "band_22",
    "band_23",
    "band_24",
    "band_25",
    "band_26",
    "band_27",
    "band_28",
    "band_29",
    "band_30",
    "band_31",
    "band_32",
    "band_33",
    "band_34",
    "band_35",
    "band_36",
    "band_37",
    "band_38",
    "band_39",
    "band_40",
    "band_41",
    "band_42",
    "band_43",
    "band_44",
    "band_45",
    "band_46",
    "band_47",
    "band_48",
    "band_49",
    "band_50",
    "band_51",
    "band_52",
    "band_53",
    "band_54",
    "band_55",
    "band_56",
    "band_57",
    "band_58",
    "band_59",
    "band_60",
    "band_61",
    "band_62",
    "band_63",
    "band_64",
    "band_65",
    "band_66",
    "band_67",
    "band_68",
    "band_69",
    "band_70",
    "band_71",
    "band_72",
    "band_73",
    "band_74",
    "band_75",
    "band_76",
    "band_77",
    "band_78",
    "band_79",
    "band_80",
    "band_81",
    "band_82",
    "band_83",
    "band_84",
    "band_85",
    "band_86",
    "band_87",
    "band_88",
    "band_89",
    "band_90",
    "band_91",
    "band_92",
    "band_93",
    "band_94",
    "band_95",
    "band_96",
    "band_97",
    "band_98",
    "band_99",
    "band_100",
    "band_101",
    "band_102",
    "band_103",
    "band_104",
    "band_105",
    "band_106",
    "band_107",
    "band_108",
    "band_109",
    "band_110",
    "band_111",
    "band_112",
    "band_113",
    "band_114",
    "band_115",
    "band_116",
    "band_117",
    "band_118",
    "band_119",
    "band_120",
    "band_121",
    "band_122",
    "band_123",
    "band_124",
    "band_125",
    "band_126",
    "band_127",
    "band_128",
    "band_129",
    "band_130",
    "band_131",
    "band_132",
    "band_133",
    "band_134",
    "band_135",
    "band_136",
    "band_137",
    "band_138",
    "band_139",
    "band_140",
    "band_141",
    "band_142",
    "band_143",
    "band_144",
    "band_145",
    "band_146",
    "band_147",
    "band_148",
    "band_149",
    "band_150",
    "band_151",
    "band_152",
    "band_153",
    "band_154",
    "band_155",
    "band_156",
    "band_157",
    "band_158",
    "band_159",
    "band_160",
    "band_161",
    "band_162",
    "band_163",
    "band_164",
    "band_165",
    "band_166",
    "band_167",
    "band_168",
    "band_169",
    "band_170",
    "band_171",
    "band_172",
    "band_173",
    "band_174",
    "band_175",
    "band_176",
    "band_177",
    "band_178",
    "band_179",
    "band_180",
    "band_181",
    "band_182",
    "band_183"
  ],
  "npz_path": "results/CIM2015/E12/2015/eco_merged/sample.npz",
  "tiles_csv": "results/CIM2015/E12/2015/eco_merged/sample_tiles.csv",
  "n_tiles_used": 6,
  "meta_path": "results/CIM2015/E12/2015/eco_merged/sample_meta.json"
}
{"corr_threshold": 0.95, "n_clusters": 53, "n_singletons": 33, "n_multi": 20, "out_dir": "/home/perazo/coverage/bands_reduction/results/CIM2015/E12/2015/eco_merged/0.95", "status": "PASS"}
{"corr_threshold": 0.9, "n_clusters": 36, "n_singletons": 19, "n_multi": 17, "out_dir": "/home/perazo/coverage/bands_reduction/results/CIM2015/E12/2015/eco_merged/0.90", "status": "PASS"}
{"corr_threshold": 0.85, "n_clusters": 28, "n_singletons": 12, "n_multi": 16, "out_dir": "/home/perazo/coverage/bands_reduction/results/CIM2015/E12/2015/eco_merged/0.85", "status": "PASS"}
wrote /home/perazo/coverage/bands_reduction/results/CIM2015/E12/2015/eco_merged/cluster_all_thresholds.json
{"corr_threshold": 0.95, "status": "PASS", "n_clusters": 53, "n_representatives": 53, "n_rescued": 0, "out_dir": "/home/perazo/coverage/bands_reduction/results/CIM2015/E12/2015/eco_merged/0.95/representatives"}
{"corr_threshold": 0.9, "status": "PASS", "n_clusters": 36, "n_representatives": 36, "n_rescued": 0, "out_dir": "/home/perazo/coverage/bands_reduction/results/CIM2015/E12/2015/eco_merged/0.90/representatives"}
{"corr_threshold": 0.85, "status": "PASS", "n_clusters": 28, "n_representatives": 28, "n_rescued": 0, "out_dir": "/home/perazo/coverage/bands_reduction/results/CIM2015/E12/2015/eco_merged/0.85/representatives"}
wrote /home/perazo/coverage/bands_reduction/results/CIM2015/E12/2015/eco_merged/representatives_all_thresholds.json
=== E12 DONE elapsed=59s 2026-08-11T12:34:45-04:00 ===

=== E13 start 2026-08-11T12:34:45-04:00 tiles=10 ===
{"eco_id": 13, "year": 2015, "n_tiles": 10, "n_pixels": 100000, "balance": "equal_per_tile", "workers": 4}
{
  "eco_id": 13,
  "year": 2015,
  "n_pixels_target": 100000,
  "n_finite_total": 99474,
  "n_bands": 184,
  "balance": "equal_per_tile",
  "random_state": 42,
  "band_names": [
    "band_0",
    "band_1",
    "band_2",
    "band_3",
    "band_4",
    "band_5",
    "band_6",
    "band_7",
    "band_8",
    "band_9",
    "band_10",
    "band_11",
    "band_12",
    "band_13",
    "band_14",
    "band_15",
    "band_16",
    "band_17",
    "band_18",
    "band_19",
    "band_20",
    "band_21",
    "band_22",
    "band_23",
    "band_24",
    "band_25",
    "band_26",
    "band_27",
    "band_28",
    "band_29",
    "band_30",
    "band_31",
    "band_32",
    "band_33",
    "band_34",
    "band_35",
    "band_36",
    "band_37",
    "band_38",
    "band_39",
    "band_40",
    "band_41",
    "band_42",
    "band_43",
    "band_44",
    "band_45",
    "band_46",
    "band_47",
    "band_48",
    "band_49",
    "band_50",
    "band_51",
    "band_52",
    "band_53",
    "band_54",
    "band_55",
    "band_56",
    "band_57",
    "band_58",
    "band_59",
    "band_60",
    "band_61",
    "band_62",
    "band_63",
    "band_64",
    "band_65",
    "band_66",
    "band_67",
    "band_68",
    "band_69",
    "band_70",
    "band_71",
    "band_72",
    "band_73",
    "band_74",
    "band_75",
    "band_76",
    "band_77",
    "band_78",
    "band_79",
    "band_80",
    "band_81",
    "band_82",
    "band_83",
    "band_84",
    "band_85",
    "band_86",
    "band_87",
    "band_88",
    "band_89",
    "band_90",
    "band_91",
    "band_92",
    "band_93",
    "band_94",
    "band_95",
    "band_96",
    "band_97",
    "band_98",
    "band_99",
    "band_100",
    "band_101",
    "band_102",
    "band_103",
    "band_104",
    "band_105",
    "band_106",
    "band_107",
    "band_108",
    "band_109",
    "band_110",
    "band_111",
    "band_112",
    "band_113",
    "band_114",
    "band_115",
    "band_116",
    "band_117",
    "band_118",
    "band_119",
    "band_120",
    "band_121",
    "band_122",
    "band_123",
    "band_124",
    "band_125",
    "band_126",
    "band_127",
    "band_128",
    "band_129",
    "band_130",
    "band_131",
    "band_132",
    "band_133",
    "band_134",
    "band_135",
    "band_136",
    "band_137",
    "band_138",
    "band_139",
    "band_140",
    "band_141",
    "band_142",
    "band_143",
    "band_144",
    "band_145",
    "band_146",
    "band_147",
    "band_148",
    "band_149",
    "band_150",
    "band_151",
    "band_152",
    "band_153",
    "band_154",
    "band_155",
    "band_156",
    "band_157",
    "band_158",
    "band_159",
    "band_160",
    "band_161",
    "band_162",
    "band_163",
    "band_164",
    "band_165",
    "band_166",
    "band_167",
    "band_168",
    "band_169",
    "band_170",
    "band_171",
    "band_172",
    "band_173",
    "band_174",
    "band_175",
    "band_176",
    "band_177",
    "band_178",
    "band_179",
    "band_180",
    "band_181",
    "band_182",
    "band_183"
  ],
  "npz_path": "results/CIM2015/E13/2015/eco_merged/sample.npz",
  "tiles_csv": "results/CIM2015/E13/2015/eco_merged/sample_tiles.csv",
  "n_tiles_used": 10,
  "meta_path": "results/CIM2015/E13/2015/eco_merged/sample_meta.json"
}
{"corr_threshold": 0.95, "n_clusters": 51, "n_singletons": 40, "n_multi": 11, "out_dir": "/home/perazo/coverage/bands_reduction/results/CIM2015/E13/2015/eco_merged/0.95", "status": "PASS"}
{"corr_threshold": 0.9, "n_clusters": 35, "n_singletons": 25, "n_multi": 10, "out_dir": "/home/perazo/coverage/bands_reduction/results/CIM2015/E13/2015/eco_merged/0.90", "status": "PASS"}
{"corr_threshold": 0.85, "n_clusters": 29, "n_singletons": 21, "n_multi": 8, "out_dir": "/home/perazo/coverage/bands_reduction/results/CIM2015/E13/2015/eco_merged/0.85", "status": "PASS"}
wrote /home/perazo/coverage/bands_reduction/results/CIM2015/E13/2015/eco_merged/cluster_all_thresholds.json
{"corr_threshold": 0.95, "status": "PASS", "n_clusters": 51, "n_representatives": 51, "n_rescued": 0, "out_dir": "/home/perazo/coverage/bands_reduction/results/CIM2015/E13/2015/eco_merged/0.95/representatives"}
{"corr_threshold": 0.9, "status": "PASS", "n_clusters": 35, "n_representatives": 35, "n_rescued": 0, "out_dir": "/home/perazo/coverage/bands_reduction/results/CIM2015/E13/2015/eco_merged/0.90/representatives"}
{"corr_threshold": 0.85, "status": "PASS", "n_clusters": 29, "n_representatives": 29, "n_rescued": 0, "out_dir": "/home/perazo/coverage/bands_reduction/results/CIM2015/E13/2015/eco_merged/0.85/representatives"}
wrote /home/perazo/coverage/bands_reduction/results/CIM2015/E13/2015/eco_merged/representatives_all_thresholds.json
=== E13 DONE elapsed=93s 2026-08-11T12:36:18-04:00 ===

=== E14 start 2026-08-11T12:36:18-04:00 tiles=18 ===
{"eco_id": 14, "year": 2015, "n_tiles": 18, "n_pixels": 100000, "balance": "equal_per_tile", "workers": 4}
{
  "eco_id": 14,
  "year": 2015,
  "n_pixels_target": 100000,
  "n_finite_total": 99649,
  "n_bands": 184,
  "balance": "equal_per_tile",
  "random_state": 42,
  "band_names": [
    "band_0",
    "band_1",
    "band_2",
    "band_3",
    "band_4",
    "band_5",
    "band_6",
    "band_7",
    "band_8",
    "band_9",
    "band_10",
    "band_11",
    "band_12",
    "band_13",
    "band_14",
    "band_15",
    "band_16",
    "band_17",
    "band_18",
    "band_19",
    "band_20",
    "band_21",
    "band_22",
    "band_23",
    "band_24",
    "band_25",
    "band_26",
    "band_27",
    "band_28",
    "band_29",
    "band_30",
    "band_31",
    "band_32",
    "band_33",
    "band_34",
    "band_35",
    "band_36",
    "band_37",
    "band_38",
    "band_39",
    "band_40",
    "band_41",
    "band_42",
    "band_43",
    "band_44",
    "band_45",
    "band_46",
    "band_47",
    "band_48",
    "band_49",
    "band_50",
    "band_51",
    "band_52",
    "band_53",
    "band_54",
    "band_55",
    "band_56",
    "band_57",
    "band_58",
    "band_59",
    "band_60",
    "band_61",
    "band_62",
    "band_63",
    "band_64",
    "band_65",
    "band_66",
    "band_67",
    "band_68",
    "band_69",
    "band_70",
    "band_71",
    "band_72",
    "band_73",
    "band_74",
    "band_75",
    "band_76",
    "band_77",
    "band_78",
    "band_79",
    "band_80",
    "band_81",
    "band_82",
    "band_83",
    "band_84",
    "band_85",
    "band_86",
    "band_87",
    "band_88",
    "band_89",
    "band_90",
    "band_91",
    "band_92",
    "band_93",
    "band_94",
    "band_95",
    "band_96",
    "band_97",
    "band_98",
    "band_99",
    "band_100",
    "band_101",
    "band_102",
    "band_103",
    "band_104",
    "band_105",
    "band_106",
    "band_107",
    "band_108",
    "band_109",
    "band_110",
    "band_111",
    "band_112",
    "band_113",
    "band_114",
    "band_115",
    "band_116",
    "band_117",
    "band_118",
    "band_119",
    "band_120",
    "band_121",
    "band_122",
    "band_123",
    "band_124",
    "band_125",
    "band_126",
    "band_127",
    "band_128",
    "band_129",
    "band_130",
    "band_131",
    "band_132",
    "band_133",
    "band_134",
    "band_135",
    "band_136",
    "band_137",
    "band_138",
    "band_139",
    "band_140",
    "band_141",
    "band_142",
    "band_143",
    "band_144",
    "band_145",
    "band_146",
    "band_147",
    "band_148",
    "band_149",
    "band_150",
    "band_151",
    "band_152",
    "band_153",
    "band_154",
    "band_155",
    "band_156",
    "band_157",
    "band_158",
    "band_159",
    "band_160",
    "band_161",
    "band_162",
    "band_163",
    "band_164",
    "band_165",
    "band_166",
    "band_167",
    "band_168",
    "band_169",
    "band_170",
    "band_171",
    "band_172",
    "band_173",
    "band_174",
    "band_175",
    "band_176",
    "band_177",
    "band_178",
    "band_179",
    "band_180",
    "band_181",
    "band_182",
    "band_183"
  ],
  "npz_path": "results/CIM2015/E14/2015/eco_merged/sample.npz",
  "tiles_csv": "results/CIM2015/E14/2015/eco_merged/sample_tiles.csv",
  "n_tiles_used": 18,
  "meta_path": "results/CIM2015/E14/2015/eco_merged/sample_meta.json"
}
{"corr_threshold": 0.95, "n_clusters": 39, "n_singletons": 22, "n_multi": 17, "out_dir": "/home/perazo/coverage/bands_reduction/results/CIM2015/E14/2015/eco_merged/0.95", "status": "PASS"}
{"corr_threshold": 0.9, "n_clusters": 22, "n_singletons": 11, "n_multi": 11, "out_dir": "/home/perazo/coverage/bands_reduction/results/CIM2015/E14/2015/eco_merged/0.90", "status": "PASS"}
{"corr_threshold": 0.85, "n_clusters": 14, "n_singletons": 5, "n_multi": 9, "out_dir": "/home/perazo/coverage/bands_reduction/results/CIM2015/E14/2015/eco_merged/0.85", "status": "PASS"}
wrote /home/perazo/coverage/bands_reduction/results/CIM2015/E14/2015/eco_merged/cluster_all_thresholds.json
{"corr_threshold": 0.95, "status": "PASS", "n_clusters": 39, "n_representatives": 39, "n_rescued": 0, "out_dir": "/home/perazo/coverage/bands_reduction/results/CIM2015/E14/2015/eco_merged/0.95/representatives"}
{"corr_threshold": 0.9, "status": "PASS", "n_clusters": 22, "n_representatives": 22, "n_rescued": 0, "out_dir": "/home/perazo/coverage/bands_reduction/results/CIM2015/E14/2015/eco_merged/0.90/representatives"}
{"corr_threshold": 0.85, "status": "PASS", "n_clusters": 14, "n_representatives": 14, "n_rescued": 0, "out_dir": "/home/perazo/coverage/bands_reduction/results/CIM2015/E14/2015/eco_merged/0.85/representatives"}
wrote /home/perazo/coverage/bands_reduction/results/CIM2015/E14/2015/eco_merged/representatives_all_thresholds.json
=== E14 DONE elapsed=133s 2026-08-11T12:38:31-04:00 ===

=== E15 start 2026-08-11T12:38:31-04:00 tiles=39 ===
{"eco_id": 15, "year": 2015, "n_tiles": 39, "n_pixels": 100000, "balance": "equal_per_tile", "workers": 4}
{
  "eco_id": 15,
  "year": 2015,
  "n_pixels_target": 100000,
  "n_finite_total": 90576,
  "n_bands": 184,
  "balance": "equal_per_tile",
  "random_state": 42,
  "band_names": [
    "band_0",
    "band_1",
    "band_2",
    "band_3",
    "band_4",
    "band_5",
    "band_6",
    "band_7",
    "band_8",
    "band_9",
    "band_10",
    "band_11",
    "band_12",
    "band_13",
    "band_14",
    "band_15",
    "band_16",
    "band_17",
    "band_18",
    "band_19",
    "band_20",
    "band_21",
    "band_22",
    "band_23",
    "band_24",
    "band_25",
    "band_26",
    "band_27",
    "band_28",
    "band_29",
    "band_30",
    "band_31",
    "band_32",
    "band_33",
    "band_34",
    "band_35",
    "band_36",
    "band_37",
    "band_38",
    "band_39",
    "band_40",
    "band_41",
    "band_42",
    "band_43",
    "band_44",
    "band_45",
    "band_46",
    "band_47",
    "band_48",
    "band_49",
    "band_50",
    "band_51",
    "band_52",
    "band_53",
    "band_54",
    "band_55",
    "band_56",
    "band_57",
    "band_58",
    "band_59",
    "band_60",
    "band_61",
    "band_62",
    "band_63",
    "band_64",
    "band_65",
    "band_66",
    "band_67",
    "band_68",
    "band_69",
    "band_70",
    "band_71",
    "band_72",
    "band_73",
    "band_74",
    "band_75",
    "band_76",
    "band_77",
    "band_78",
    "band_79",
    "band_80",
    "band_81",
    "band_82",
    "band_83",
    "band_84",
    "band_85",
    "band_86",
    "band_87",
    "band_88",
    "band_89",
    "band_90",
    "band_91",
    "band_92",
    "band_93",
    "band_94",
    "band_95",
    "band_96",
    "band_97",
    "band_98",
    "band_99",
    "band_100",
    "band_101",
    "band_102",
    "band_103",
    "band_104",
    "band_105",
    "band_106",
    "band_107",
    "band_108",
    "band_109",
    "band_110",
    "band_111",
    "band_112",
    "band_113",
    "band_114",
    "band_115",
    "band_116",
    "band_117",
    "band_118",
    "band_119",
    "band_120",
    "band_121",
    "band_122",
    "band_123",
    "band_124",
    "band_125",
    "band_126",
    "band_127",
    "band_128",
    "band_129",
    "band_130",
    "band_131",
    "band_132",
    "band_133",
    "band_134",
    "band_135",
    "band_136",
    "band_137",
    "band_138",
    "band_139",
    "band_140",
    "band_141",
    "band_142",
    "band_143",
    "band_144",
    "band_145",
    "band_146",
    "band_147",
    "band_148",
    "band_149",
    "band_150",
    "band_151",
    "band_152",
    "band_153",
    "band_154",
    "band_155",
    "band_156",
    "band_157",
    "band_158",
    "band_159",
    "band_160",
    "band_161",
    "band_162",
    "band_163",
    "band_164",
    "band_165",
    "band_166",
    "band_167",
    "band_168",
    "band_169",
    "band_170",
    "band_171",
    "band_172",
    "band_173",
    "band_174",
    "band_175",
    "band_176",
    "band_177",
    "band_178",
    "band_179",
    "band_180",
    "band_181",
    "band_182",
    "band_183"
  ],
  "npz_path": "results/CIM2015/E15/2015/eco_merged/sample.npz",
  "tiles_csv": "results/CIM2015/E15/2015/eco_merged/sample_tiles.csv",
  "n_tiles_used": 39,
  "meta_path": "results/CIM2015/E15/2015/eco_merged/sample_meta.json"
}
{"corr_threshold": 0.95, "n_clusters": 34, "n_singletons": 20, "n_multi": 14, "out_dir": "/home/perazo/coverage/bands_reduction/results/CIM2015/E15/2015/eco_merged/0.95", "status": "PASS"}
{"corr_threshold": 0.9, "n_clusters": 21, "n_singletons": 12, "n_multi": 9, "out_dir": "/home/perazo/coverage/bands_reduction/results/CIM2015/E15/2015/eco_merged/0.90", "status": "PASS"}
{"corr_threshold": 0.85, "n_clusters": 15, "n_singletons": 10, "n_multi": 5, "out_dir": "/home/perazo/coverage/bands_reduction/results/CIM2015/E15/2015/eco_merged/0.85", "status": "PASS"}
wrote /home/perazo/coverage/bands_reduction/results/CIM2015/E15/2015/eco_merged/cluster_all_thresholds.json
{"corr_threshold": 0.95, "status": "PASS", "n_clusters": 34, "n_representatives": 34, "n_rescued": 0, "out_dir": "/home/perazo/coverage/bands_reduction/results/CIM2015/E15/2015/eco_merged/0.95/representatives"}
{"corr_threshold": 0.9, "status": "PASS", "n_clusters": 21, "n_representatives": 21, "n_rescued": 0, "out_dir": "/home/perazo/coverage/bands_reduction/results/CIM2015/E15/2015/eco_merged/0.90/representatives"}
{"corr_threshold": 0.85, "status": "PASS", "n_clusters": 15, "n_representatives": 15, "n_rescued": 0, "out_dir": "/home/perazo/coverage/bands_reduction/results/CIM2015/E15/2015/eco_merged/0.85/representatives"}
wrote /home/perazo/coverage/bands_reduction/results/CIM2015/E15/2015/eco_merged/representatives_all_thresholds.json
=== E15 DONE elapsed=300s 2026-08-11T12:43:31-04:00 ===
=== batch DONE 2026-08-11T12:43:31-04:00 ===
